// Jest Snapshot v1, https://goo.gl/fbAQLP

exports[`MovieCard matches snapshot 1`] = `
<ContextProvider
  value={
    Object {
      "store": Object {
        "clearActions": [Function],
        "dispatch": [Function],
        "getActions": [Function],
        "getState": [Function],
        "replaceReducer": [Function],
        "subscribe": [Function],
      },
      "subscription": Object {
        "addNestedSub": [Function],
        "getListeners": [Function],
        "handleChangeWrapper": [Function],
        "isSubscribed": [Function],
        "notifyNestedSubs": [Function],
        "onStateChange": [Function],
        "trySubscribe": [Function],
        "tryUnsubscribe": [Function],
      },
    }
  }
>
  <MovieCard
    description="Movie description"
    genres={
      Array [
        "Animation",
      ]
    }
    poster_path="https://"
    release_date="2016"
    title="Captain Marvel"
    year="2016"
  />
   
</ContextProvider>
`;
