// Jest Snapshot v1, https://goo.gl/fbAQLP

exports[`Formik Field create snapshot for Formik Field 1`] = `
<div>
  <div
    className="form__label"
  >
    test-title
  </div>
  <Field
    className="form__input"
    id="test-path"
    name="test-path"
    placeholder="test-title"
    type="text"
  />
</div>
`;
