// Jest Snapshot v1, https://goo.gl/fbAQLP

exports[`MovieCardsContainer MovieCardsContainer matches snapshot 1`] = `
<ContextProvider
  value={
    Object {
      "store": Object {
        "clearActions": [Function],
        "dispatch": [Function],
        "getActions": [Function],
        "getState": [Function],
        "replaceReducer": [Function],
        "subscribe": [Function],
      },
      "subscription": Object {
        "addNestedSub": [Function],
        "getListeners": [Function],
        "handleChangeWrapper": [Function],
        "isSubscribed": [Function],
        "notifyNestedSubs": [Function],
        "onStateChange": [Function],
        "trySubscribe": [Function],
        "tryUnsubscribe": [Function],
      },
    }
  }
>
  <MovieCardsContainer
    broken="https://images.unsplash.com/photo-1560109947-543149eceb16?ixlib=rb-1.2.1&ixid=MnwxMjA3fDB8MHxwaG90by1wYWdlfHx8fGVufDB8fHx8&auto=format&fit=crop&w=1035&q=80"
    description="Movie description"
    genres={
      Array [
        "Animation",
      ]
    }
    movie="movie test"
    overview="test description test"
    poster_path="https://"
    release_date="2016"
    reuntime="runtime test"
    title="Captain Marvel"
    vote_average="vote average test"
  />
   
</ContextProvider>
`;
