// Jest Snapshot v1, https://goo.gl/fbAQLP

exports[`ErrorBoundary  Message in component 1`] = `<ErrorBoundaryComponent />`;
